# ShortLib contains code for the Alchemy AMQP Rack Application server
module ShortLib
  # The current version of ShortLib
  VERSION = "1.2.3"
end%