# Change log

## 0.1.0

This text is added to the top of the file [ticket](http://link/to/a/ticket)

## 0.0.2

- Update Postgres to version 13.3 [link](https://ticket/123)
- Added CHANGELOG.md
- Updated Ruby version to `2.7.3`
- Fixed audit vulnerabilities via `bundle update rdoc rake rack json activesupport activerecord`
## 0.0.1

Initial version