## 5.2.0

This text is added to the top of the file [ticket](http://link/to/a/ticket)

## 5.1.0
Stuff
## 4.9.0
Initial version